// Jest Snapshot v1, https://goo.gl/fbAQLP

exports[`Home component renders correctly 1`] = `
<div
  className="home"
>
  <h1>
    Where Math Magic Happens
  </h1>
  <img
    alt=""
    src="magician.gif"
  />
</div>
`;
